Archive member included to satisfy reference by file (symbol)

c:/program files/stm32cubeide_1.2.0/stm32cubeide/plugins/com.st.stm32cube.ide.mcu.externaltools.gnu-tools-for-stm32.7-2018-q2-update.win32_1.0.0.201904181610/tools/bin/../lib/gcc/arm-none-eabi/7.3.1/../../../../arm-none-eabi/lib/thumb/v7e-m/fpv4-sp/hard\libc_nano.a(lib_a-exit.o)
                              c:/program files/stm32cubeide_1.2.0/stm32cubeide/plugins/com.st.stm32cube.ide.mcu.externaltools.gnu-tools-for-stm32.7-2018-q2-update.win32_1.0.0.201904181610/tools/bin/../lib/gcc/arm-none-eabi/7.3.1/../../../../arm-none-eabi/lib/thumb/v7e-m/fpv4-sp/hard/crt0.o (exit)
c:/program files/stm32cubeide_1.2.0/stm32cubeide/plugins/com.st.stm32cube.ide.mcu.externaltools.gnu-tools-for-stm32.7-2018-q2-update.win32_1.0.0.201904181610/tools/bin/../lib/gcc/arm-none-eabi/7.3.1/../../../../arm-none-eabi/lib/thumb/v7e-m/fpv4-sp/hard\libc_nano.a(lib_a-impure.o)
                              c:/program files/stm32cubeide_1.2.0/stm32cubeide/plugins/com.st.stm32cube.ide.mcu.externaltools.gnu-tools-for-stm32.7-2018-q2-update.win32_1.0.0.201904181610/tools/bin/../lib/gcc/arm-none-eabi/7.3.1/../../../../arm-none-eabi/lib/thumb/v7e-m/fpv4-sp/hard\libc_nano.a(lib_a-exit.o) (_global_impure_ptr)
c:/program files/stm32cubeide_1.2.0/stm32cubeide/plugins/com.st.stm32cube.ide.mcu.externaltools.gnu-tools-for-stm32.7-2018-q2-update.win32_1.0.0.201904181610/tools/bin/../lib/gcc/arm-none-eabi/7.3.1/../../../../arm-none-eabi/lib/thumb/v7e-m/fpv4-sp/hard\libc_nano.a(lib_a-init.o)
                              c:/program files/stm32cubeide_1.2.0/stm32cubeide/plugins/com.st.stm32cube.ide.mcu.externaltools.gnu-tools-for-stm32.7-2018-q2-update.win32_1.0.0.201904181610/tools/bin/../lib/gcc/arm-none-eabi/7.3.1/../../../../arm-none-eabi/lib/thumb/v7e-m/fpv4-sp/hard/crt0.o (__libc_init_array)
c:/program files/stm32cubeide_1.2.0/stm32cubeide/plugins/com.st.stm32cube.ide.mcu.externaltools.gnu-tools-for-stm32.7-2018-q2-update.win32_1.0.0.201904181610/tools/bin/../lib/gcc/arm-none-eabi/7.3.1/../../../../arm-none-eabi/lib/thumb/v7e-m/fpv4-sp/hard\libc_nano.a(lib_a-memset.o)
                              c:/program files/stm32cubeide_1.2.0/stm32cubeide/plugins/com.st.stm32cube.ide.mcu.externaltools.gnu-tools-for-stm32.7-2018-q2-update.win32_1.0.0.201904181610/tools/bin/../lib/gcc/arm-none-eabi/7.3.1/../../../../arm-none-eabi/lib/thumb/v7e-m/fpv4-sp/hard/crt0.o (memset)
c:/program files/stm32cubeide_1.2.0/stm32cubeide/plugins/com.st.stm32cube.ide.mcu.externaltools.gnu-tools-for-stm32.7-2018-q2-update.win32_1.0.0.201904181610/tools/bin/../lib/gcc/arm-none-eabi/7.3.1/thumb/v7e-m/fpv4-sp/hard\libgcc.a(_aeabi_uldivmod.o)
                              Drivers/STM32F4xx_HAL_Driver/Src/stm32f4xx_hal_rcc.o (__aeabi_uldivmod)
c:/program files/stm32cubeide_1.2.0/stm32cubeide/plugins/com.st.stm32cube.ide.mcu.externaltools.gnu-tools-for-stm32.7-2018-q2-update.win32_1.0.0.201904181610/tools/bin/../lib/gcc/arm-none-eabi/7.3.1/thumb/v7e-m/fpv4-sp/hard\libgcc.a(_udivmoddi4.o)
                              c:/program files/stm32cubeide_1.2.0/stm32cubeide/plugins/com.st.stm32cube.ide.mcu.externaltools.gnu-tools-for-stm32.7-2018-q2-update.win32_1.0.0.201904181610/tools/bin/../lib/gcc/arm-none-eabi/7.3.1/thumb/v7e-m/fpv4-sp/hard\libgcc.a(_aeabi_uldivmod.o) (__udivmoddi4)
c:/program files/stm32cubeide_1.2.0/stm32cubeide/plugins/com.st.stm32cube.ide.mcu.externaltools.gnu-tools-for-stm32.7-2018-q2-update.win32_1.0.0.201904181610/tools/bin/../lib/gcc/arm-none-eabi/7.3.1/thumb/v7e-m/fpv4-sp/hard\libgcc.a(_dvmd_tls.o)
                              c:/program files/stm32cubeide_1.2.0/stm32cubeide/plugins/com.st.stm32cube.ide.mcu.externaltools.gnu-tools-for-stm32.7-2018-q2-update.win32_1.0.0.201904181610/tools/bin/../lib/gcc/arm-none-eabi/7.3.1/thumb/v7e-m/fpv4-sp/hard\libgcc.a(_aeabi_uldivmod.o) (__aeabi_ldiv0)
c:/program files/stm32cubeide_1.2.0/stm32cubeide/plugins/com.st.stm32cube.ide.mcu.externaltools.gnu-tools-for-stm32.7-2018-q2-update.win32_1.0.0.201904181610/tools/bin/../lib/gcc/arm-none-eabi/7.3.1/../../../../arm-none-eabi/lib/thumb/v7e-m/fpv4-sp/hard\libnosys.a(_exit.o)
                              c:/program files/stm32cubeide_1.2.0/stm32cubeide/plugins/com.st.stm32cube.ide.mcu.externaltools.gnu-tools-for-stm32.7-2018-q2-update.win32_1.0.0.201904181610/tools/bin/../lib/gcc/arm-none-eabi/7.3.1/../../../../arm-none-eabi/lib/thumb/v7e-m/fpv4-sp/hard\libc_nano.a(lib_a-exit.o) (_exit)

Allocating common symbols
Common symbol       size              file

uwTick              0x4               Drivers/STM32F4xx_HAL_Driver/Src/stm32f4xx_hal.o
pFlash              0x20              Drivers/STM32F4xx_HAL_Driver/Src/stm32f4xx_hal_flash.o

Discarded input sections

[...]
Memory Configuration

Name             Origin             Length             Attributes
RAM              0x0000000020000000 0x0000000000020000 xrw
CCMRAM           0x0000000010000000 0x0000000000010000 rw
FLASH            0x0000000008000000 0x0000000000100000 xr
*default*        0x0000000000000000 0xffffffffffffffff

Linker script and memory map

LOAD c:/program files/stm32cubeide_1.2.0/stm32cubeide/plugins/com.st.stm32cube.ide.mcu.externaltools.gnu-tools-for-stm32.7-2018-q2-update.win32_1.0.0.201904181610/tools/bin/../lib/gcc/arm-none-eabi/7.3.1/thumb/v7e-m/fpv4-sp/hard/crti.o
LOAD c:/program files/stm32cubeide_1.2.0/stm32cubeide/plugins/com.st.stm32cube.ide.mcu.externaltools.gnu-tools-for-stm32.7-2018-q2-update.win32_1.0.0.201904181610/tools/bin/../lib/gcc/arm-none-eabi/7.3.1/thumb/v7e-m/fpv4-sp/hard/crtbegin.o
LOAD c:/program files/stm32cubeide_1.2.0/stm32cubeide/plugins/com.st.stm32cube.ide.mcu.externaltools.gnu-tools-for-stm32.7-2018-q2-update.win32_1.0.0.201904181610/tools/bin/../lib/gcc/arm-none-eabi/7.3.1/../../../../arm-none-eabi/lib/thumb/v7e-m/fpv4-sp/hard/crt0.o
LOAD Core/Src/gpio.o
LOAD Core/Src/main.o
LOAD Core/Src/stm32f4xx_hal_msp.o
LOAD Core/Src/stm32f4xx_it.o
LOAD Core/Src/system_stm32f4xx.o
LOAD Drivers/STM32F4xx_HAL_Driver/Src/stm32f4xx_hal.o
LOAD Drivers/STM32F4xx_HAL_Driver/Src/stm32f4xx_hal_cortex.o
LOAD Drivers/STM32F4xx_HAL_Driver/Src/stm32f4xx_hal_dma.o
LOAD Drivers/STM32F4xx_HAL_Driver/Src/stm32f4xx_hal_dma_ex.o
LOAD Drivers/STM32F4xx_HAL_Driver/Src/stm32f4xx_hal_flash.o
LOAD Drivers/STM32F4xx_HAL_Driver/Src/stm32f4xx_hal_flash_ex.o
LOAD Drivers/STM32F4xx_HAL_Driver/Src/stm32f4xx_hal_flash_ramfunc.o
LOAD Drivers/STM32F4xx_HAL_Driver/Src/stm32f4xx_hal_gpio.o
LOAD Drivers/STM32F4xx_HAL_Driver/Src/stm32f4xx_hal_pwr.o
LOAD Drivers/STM32F4xx_HAL_Driver/Src/stm32f4xx_hal_pwr_ex.o
LOAD Drivers/STM32F4xx_HAL_Driver/Src/stm32f4xx_hal_rcc.o
LOAD Drivers/STM32F4xx_HAL_Driver/Src/stm32f4xx_hal_rcc_ex.o
LOAD Drivers/STM32F4xx_HAL_Driver/Src/stm32f4xx_hal_tim.o
LOAD Drivers/STM32F4xx_HAL_Driver/Src/stm32f4xx_hal_tim_ex.o
LOAD startup/startup_stm32f407xx.o
START GROUP
LOAD c:/program files/stm32cubeide_1.2.0/stm32cubeide/plugins/com.st.stm32cube.ide.mcu.externaltools.gnu-tools-for-stm32.7-2018-q2-update.win32_1.0.0.201904181610/tools/bin/../lib/gcc/arm-none-eabi/7.3.1/../../../../arm-none-eabi/lib/thumb/v7e-m/fpv4-sp/hard\libc_nano.a
LOAD c:/program files/stm32cubeide_1.2.0/stm32cubeide/plugins/com.st.stm32cube.ide.mcu.externaltools.gnu-tools-for-stm32.7-2018-q2-update.win32_1.0.0.201904181610/tools/bin/../lib/gcc/arm-none-eabi/7.3.1/../../../../arm-none-eabi/lib/thumb/v7e-m/fpv4-sp/hard\libm.a
END GROUP
START GROUP
LOAD c:/program files/stm32cubeide_1.2.0/stm32cubeide/plugins/com.st.stm32cube.ide.mcu.externaltools.gnu-tools-for-stm32.7-2018-q2-update.win32_1.0.0.201904181610/tools/bin/../lib/gcc/arm-none-eabi/7.3.1/thumb/v7e-m/fpv4-sp/hard\libgcc.a
LOAD c:/program files/stm32cubeide_1.2.0/stm32cubeide/plugins/com.st.stm32cube.ide.mcu.externaltools.gnu-tools-for-stm32.7-2018-q2-update.win32_1.0.0.201904181610/tools/bin/../lib/gcc/arm-none-eabi/7.3.1/../../../../arm-none-eabi/lib/thumb/v7e-m/fpv4-sp/hard\libc_nano.a
END GROUP
START GROUP
LOAD c:/program files/stm32cubeide_1.2.0/stm32cubeide/plugins/com.st.stm32cube.ide.mcu.externaltools.gnu-tools-for-stm32.7-2018-q2-update.win32_1.0.0.201904181610/tools/bin/../lib/gcc/arm-none-eabi/7.3.1/thumb/v7e-m/fpv4-sp/hard\libgcc.a
LOAD c:/program files/stm32cubeide_1.2.0/stm32cubeide/plugins/com.st.stm32cube.ide.mcu.externaltools.gnu-tools-for-stm32.7-2018-q2-update.win32_1.0.0.201904181610/tools/bin/../lib/gcc/arm-none-eabi/7.3.1/../../../../arm-none-eabi/lib/thumb/v7e-m/fpv4-sp/hard\libc_nano.a
LOAD c:/program files/stm32cubeide_1.2.0/stm32cubeide/plugins/com.st.stm32cube.ide.mcu.externaltools.gnu-tools-for-stm32.7-2018-q2-update.win32_1.0.0.201904181610/tools/bin/../lib/gcc/arm-none-eabi/7.3.1/../../../../arm-none-eabi/lib/thumb/v7e-m/fpv4-sp/hard\libnosys.a
END GROUP
START GROUP
LOAD c:/program files/stm32cubeide_1.2.0/stm32cubeide/plugins/com.st.stm32cube.ide.mcu.externaltools.gnu-tools-for-stm32.7-2018-q2-update.win32_1.0.0.201904181610/tools/bin/../lib/gcc/arm-none-eabi/7.3.1/thumb/v7e-m/fpv4-sp/hard\libgcc.a
LOAD c:/program files/stm32cubeide_1.2.0/stm32cubeide/plugins/com.st.stm32cube.ide.mcu.externaltools.gnu-tools-for-stm32.7-2018-q2-update.win32_1.0.0.201904181610/tools/bin/../lib/gcc/arm-none-eabi/7.3.1/../../../../arm-none-eabi/lib/thumb/v7e-m/fpv4-sp/hard\libc_nano.a
LOAD c:/program files/stm32cubeide_1.2.0/stm32cubeide/plugins/com.st.stm32cube.ide.mcu.externaltools.gnu-tools-for-stm32.7-2018-q2-update.win32_1.0.0.201904181610/tools/bin/../lib/gcc/arm-none-eabi/7.3.1/../../../../arm-none-eabi/lib/thumb/v7e-m/fpv4-sp/hard\libnosys.a
END GROUP
LOAD c:/program files/stm32cubeide_1.2.0/stm32cubeide/plugins/com.st.stm32cube.ide.mcu.externaltools.gnu-tools-for-stm32.7-2018-q2-update.win32_1.0.0.201904181610/tools/bin/../lib/gcc/arm-none-eabi/7.3.1/thumb/v7e-m/fpv4-sp/hard/crtend.o
LOAD c:/program files/stm32cubeide_1.2.0/stm32cubeide/plugins/com.st.stm32cube.ide.mcu.externaltools.gnu-tools-for-stm32.7-2018-q2-update.win32_1.0.0.201904181610/tools/bin/../lib/gcc/arm-none-eabi/7.3.1/thumb/v7e-m/fpv4-sp/hard/crtn.o
                0x0000000020020000                _estack = 0x20020000
                0x0000000000000200                _Min_Heap_Size = 0x200
                0x0000000000000400                _Min_Stack_Size = 0x400

.isr_vector     0x0000000008000000      0x188
                0x0000000008000000                . = ALIGN (0x4)
 *(.isr_vector)
 .isr_vector    0x0000000008000000      0x188 startup/startup_stm32f407xx.o
                0x0000000008000000                g_pfnVectors
                0x0000000008000188                . = ALIGN (0x4)

.text           0x0000000008000188      0xfa0
                0x0000000008000188                . = ALIGN (0x4)
 *(.text)
 .text          0x0000000008000188       0x40 c:/program files/stm32cubeide_1.2.0/stm32cubeide/plugins/com.st.stm32cube.ide.mcu.externaltools.gnu-tools-for-stm32.7-2018-q2-update.win32_1.0.0.201904181610/tools/bin/../lib/gcc/arm-none-eabi/7.3.1/thumb/v7e-m/fpv4-sp/hard/crtbegin.o
 .text          0x00000000080001c8       0x30 c:/program files/stm32cubeide_1.2.0/stm32cubeide/plugins/com.st.stm32cube.ide.mcu.externaltools.gnu-tools-for-stm32.7-2018-q2-update.win32_1.0.0.201904181610/tools/bin/../lib/gcc/arm-none-eabi/7.3.1/thumb/v7e-m/fpv4-sp/hard\libgcc.a(_aeabi_uldivmod.o)
                0x00000000080001c8                __aeabi_uldivmod
 .text          0x00000000080001f8      0x2cc c:/program files/stm32cubeide_1.2.0/stm32cubeide/plugins/com.st.stm32cube.ide.mcu.externaltools.gnu-tools-for-stm32.7-2018-q2-update.win32_1.0.0.201904181610/tools/bin/../lib/gcc/arm-none-eabi/7.3.1/thumb/v7e-m/fpv4-sp/hard\libgcc.a(_udivmoddi4.o)
                0x00000000080001f8                __udivmoddi4
 .text          0x00000000080004c4        0x4 c:/program files/stm32cubeide_1.2.0/stm32cubeide/plugins/com.st.stm32cube.ide.mcu.externaltools.gnu-tools-for-stm32.7-2018-q2-update.win32_1.0.0.201904181610/tools/bin/../lib/gcc/arm-none-eabi/7.3.1/thumb/v7e-m/fpv4-sp/hard\libgcc.a(_dvmd_tls.o)
                0x00000000080004c4                __aeabi_idiv0
                0x00000000080004c4                __aeabi_ldiv0
 *(.text*)
 .text.MX_GPIO_Init
                0x00000000080004c8       0xb0 Core/Src/gpio.o
                0x00000000080004c8                MX_GPIO_Init
 .text.SystemClock_Config
                0x0000000008000578       0x9c Core/Src/main.o
                0x0000000008000578                SystemClock_Config
 .text.main     0x0000000008000614       0x24 Core/Src/main.o
                0x0000000008000614                main
 .text.HAL_MspInit
                0x0000000008000638       0x38 Core/Src/stm32f4xx_hal_msp.o
                0x0000000008000638                HAL_MspInit
 .text.NMI_Handler
                0x0000000008000670        0x2 Core/Src/stm32f4xx_it.o
                0x0000000008000670                NMI_Handler
 .text.HardFault_Handler
                0x0000000008000672        0x2 Core/Src/stm32f4xx_it.o
                0x0000000008000672                HardFault_Handler
 .text.MemManage_Handler
                0x0000000008000674        0x2 Core/Src/stm32f4xx_it.o
                0x0000000008000674                MemManage_Handler
 .text.BusFault_Handler
                0x0000000008000676        0x2 Core/Src/stm32f4xx_it.o
                0x0000000008000676                BusFault_Handler
 .text.UsageFault_Handler
                0x0000000008000678        0x2 Core/Src/stm32f4xx_it.o
                0x0000000008000678                UsageFault_Handler
 .text.SVC_Handler
                0x000000000800067a        0x2 Core/Src/stm32f4xx_it.o
                0x000000000800067a                SVC_Handler
 .text.DebugMon_Handler
                0x000000000800067c        0x2 Core/Src/stm32f4xx_it.o
                0x000000000800067c                DebugMon_Handler
 .text.PendSV_Handler
                0x000000000800067e        0x2 Core/Src/stm32f4xx_it.o
                0x000000000800067e                PendSV_Handler
 .text.SysTick_Handler
                0x0000000008000680        0x8 Core/Src/stm32f4xx_it.o
                0x0000000008000680                SysTick_Handler
 .text.SystemInit
                0x0000000008000688       0x4c Core/Src/system_stm32f4xx.o
                0x0000000008000688                SystemInit
 .text.HAL_InitTick
                0x00000000080006d4       0x48 Drivers/STM32F4xx_HAL_Driver/Src/stm32f4xx_hal.o
                0x00000000080006d4                HAL_InitTick
 .text.HAL_Init
                0x000000000800071c       0x34 Drivers/STM32F4xx_HAL_Driver/Src/stm32f4xx_hal.o
                0x000000000800071c                HAL_Init
 .text.HAL_IncTick
                0x0000000008000750       0x18 Drivers/STM32F4xx_HAL_Driver/Src/stm32f4xx_hal.o
                0x0000000008000750                HAL_IncTick
 .text.HAL_GetTick
                0x0000000008000768        0xc Drivers/STM32F4xx_HAL_Driver/Src/stm32f4xx_hal.o
                0x0000000008000768                HAL_GetTick
 .text.HAL_Delay
                0x0000000008000774       0x28 Drivers/STM32F4xx_HAL_Driver/Src/stm32f4xx_hal.o
                0x0000000008000774                HAL_Delay
 .text.HAL_NVIC_SetPriorityGrouping
                0x000000000800079c       0x24 Drivers/STM32F4xx_HAL_Driver/Src/stm32f4xx_hal_cortex.o
                0x000000000800079c                HAL_NVIC_SetPriorityGrouping
 .text.HAL_NVIC_SetPriority
                0x00000000080007c0       0x68 Drivers/STM32F4xx_HAL_Driver/Src/stm32f4xx_hal_cortex.o
                0x00000000080007c0                HAL_NVIC_SetPriority
 .text.HAL_SYSTICK_Config
                0x0000000008000828       0x2c Drivers/STM32F4xx_HAL_Driver/Src/stm32f4xx_hal_cortex.o
                0x0000000008000828                HAL_SYSTICK_Config
 .text.HAL_GPIO_Init
                0x0000000008000854      0x1c8 Drivers/STM32F4xx_HAL_Driver/Src/stm32f4xx_hal_gpio.o
                0x0000000008000854                HAL_GPIO_Init
 .text.HAL_GPIO_WritePin
                0x0000000008000a1c        0xc Drivers/STM32F4xx_HAL_Driver/Src/stm32f4xx_hal_gpio.o
                0x0000000008000a1c                HAL_GPIO_WritePin
 .text.HAL_GPIO_TogglePin
                0x0000000008000a28        0x8 Drivers/STM32F4xx_HAL_Driver/Src/stm32f4xx_hal_gpio.o
                0x0000000008000a28                HAL_GPIO_TogglePin
 .text.HAL_RCC_OscConfig
                0x0000000008000a30      0x398 Drivers/STM32F4xx_HAL_Driver/Src/stm32f4xx_hal_rcc.o
                0x0000000008000a30                HAL_RCC_OscConfig
 .text.HAL_RCC_MCOConfig
                0x0000000008000dc8       0x9c Drivers/STM32F4xx_HAL_Driver/Src/stm32f4xx_hal_rcc.o
                0x0000000008000dc8                HAL_RCC_MCOConfig
 .text.HAL_RCC_GetSysClockFreq
                0x0000000008000e64       0xa8 Drivers/STM32F4xx_HAL_Driver/Src/stm32f4xx_hal_rcc.o
                0x0000000008000e64                HAL_RCC_GetSysClockFreq
 .text.HAL_RCC_ClockConfig
                0x0000000008000f0c      0x158 Drivers/STM32F4xx_HAL_Driver/Src/stm32f4xx_hal_rcc.o
                0x0000000008000f0c                HAL_RCC_ClockConfig
 .text.Reset_Handler
                0x0000000008001064       0x50 startup/startup_stm32f407xx.o
                0x0000000008001064                Reset_Handler
 .text.Default_Handler
                0x00000000080010b4        0x2 startup/startup_stm32f407xx.o
                0x00000000080010b4                RTC_Alarm_IRQHandler
                0x00000000080010b4                HASH_RNG_IRQHandler
                0x00000000080010b4                EXTI2_IRQHandler
                0x00000000080010b4                TIM8_CC_IRQHandler
                0x00000000080010b4                TIM1_CC_IRQHandler
                0x00000000080010b4                DMA2_Stream5_IRQHandler
                0x00000000080010b4                DMA1_Stream5_IRQHandler
                0x00000000080010b4                PVD_IRQHandler
                0x00000000080010b4                SDIO_IRQHandler
                0x00000000080010b4                TAMP_STAMP_IRQHandler
                0x00000000080010b4                CAN2_RX1_IRQHandler
                0x00000000080010b4                EXTI3_IRQHandler
                0x00000000080010b4                TIM8_TRG_COM_TIM14_IRQHandler
                0x00000000080010b4                TIM1_UP_TIM10_IRQHandler
                0x00000000080010b4                TIM8_UP_TIM13_IRQHandler
                0x00000000080010b4                I2C3_ER_IRQHandler
                0x00000000080010b4                EXTI0_IRQHandler
                0x00000000080010b4                I2C2_EV_IRQHandler
                0x00000000080010b4                DMA1_Stream2_IRQHandler
                0x00000000080010b4                CAN1_RX0_IRQHandler
                0x00000000080010b4                FPU_IRQHandler
                0x00000000080010b4                OTG_HS_WKUP_IRQHandler
                0x00000000080010b4                CAN2_SCE_IRQHandler
                0x00000000080010b4                DMA2_Stream2_IRQHandler
                0x00000000080010b4                SPI1_IRQHandler
                0x00000000080010b4                TIM6_DAC_IRQHandler
                0x00000000080010b4                TIM1_BRK_TIM9_IRQHandler
                0x00000000080010b4                DCMI_IRQHandler
                0x00000000080010b4                CAN2_RX0_IRQHandler
                0x00000000080010b4                DMA2_Stream3_IRQHandler
                0x00000000080010b4                USART6_IRQHandler
                0x00000000080010b4                USART3_IRQHandler
                0x00000000080010b4                CAN1_RX1_IRQHandler
                0x00000000080010b4                UART5_IRQHandler
                0x00000000080010b4                DMA2_Stream0_IRQHandler
                0x00000000080010b4                TIM4_IRQHandler
                0x00000000080010b4                I2C1_EV_IRQHandler
                0x00000000080010b4                DMA1_Stream6_IRQHandler
                0x00000000080010b4                DMA1_Stream1_IRQHandler
                0x00000000080010b4                UART4_IRQHandler
                0x00000000080010b4                TIM3_IRQHandler
                0x00000000080010b4                RCC_IRQHandler
                0x00000000080010b4                TIM8_BRK_TIM12_IRQHandler
                0x00000000080010b4                Default_Handler
                0x00000000080010b4                EXTI15_10_IRQHandler
                0x00000000080010b4                ADC_IRQHandler
                0x00000000080010b4                DMA1_Stream7_IRQHandler
                0x00000000080010b4                TIM7_IRQHandler
                0x00000000080010b4                CAN2_TX_IRQHandler
                0x00000000080010b4                TIM5_IRQHandler
                0x00000000080010b4                DMA2_Stream7_IRQHandler
                0x00000000080010b4                I2C3_EV_IRQHandler
                0x00000000080010b4                EXTI9_5_IRQHandler
                0x00000000080010b4                RTC_WKUP_IRQHandler
                0x00000000080010b4                ETH_WKUP_IRQHandler
                0x00000000080010b4                SPI2_IRQHandler
                0x00000000080010b4                OTG_HS_EP1_IN_IRQHandler
                0x00000000080010b4                DMA1_Stream0_IRQHandler
                0x00000000080010b4                CAN1_TX_IRQHandler
                0x00000000080010b4                EXTI4_IRQHandler
                0x00000000080010b4                FSMC_IRQHandler
                0x00000000080010b4                ETH_IRQHandler
                0x00000000080010b4                OTG_HS_EP1_OUT_IRQHandler
                0x00000000080010b4                WWDG_IRQHandler
                0x00000000080010b4                TIM2_IRQHandler
                0x00000000080010b4                OTG_FS_WKUP_IRQHandler
                0x00000000080010b4                TIM1_TRG_COM_TIM11_IRQHandler
                0x00000000080010b4                OTG_HS_IRQHandler
                0x00000000080010b4                EXTI1_IRQHandler
                0x00000000080010b4                USART2_IRQHandler
                0x00000000080010b4                I2C2_ER_IRQHandler
                0x00000000080010b4                DMA2_Stream1_IRQHandler
                0x00000000080010b4                CAN1_SCE_IRQHandler
                0x00000000080010b4                FLASH_IRQHandler
                0x00000000080010b4                DMA2_Stream4_IRQHandler
                0x00000000080010b4                USART1_IRQHandler
                0x00000000080010b4                OTG_FS_IRQHandler
                0x00000000080010b4                SPI3_IRQHandler
                0x00000000080010b4                DMA1_Stream4_IRQHandler
                0x00000000080010b4                I2C1_ER_IRQHandler
                0x00000000080010b4                DMA2_Stream6_IRQHandler
                0x00000000080010b4                DMA1_Stream3_IRQHandler
 *fill*         0x00000000080010b6        0x2 
 .text.__libc_init_array
                0x00000000080010b8       0x48 c:/program files/stm32cubeide_1.2.0/stm32cubeide/plugins/com.st.stm32cube.ide.mcu.externaltools.gnu-tools-for-stm32.7-2018-q2-update.win32_1.0.0.201904181610/tools/bin/../lib/gcc/arm-none-eabi/7.3.1/../../../../arm-none-eabi/lib/thumb/v7e-m/fpv4-sp/hard\libc_nano.a(lib_a-init.o)
                0x00000000080010b8                __libc_init_array
 .text.memset   0x0000000008001100       0x10 c:/program files/stm32cubeide_1.2.0/stm32cubeide/plugins/com.st.stm32cube.ide.mcu.externaltools.gnu-tools-for-stm32.7-2018-q2-update.win32_1.0.0.201904181610/tools/bin/../lib/gcc/arm-none-eabi/7.3.1/../../../../arm-none-eabi/lib/thumb/v7e-m/fpv4-sp/hard\libc_nano.a(lib_a-memset.o)
                0x0000000008001100                memset
 *(.glue_7)
 .glue_7        0x0000000008001110        0x0 linker stubs
 *(.glue_7t)
 .glue_7t       0x0000000008001110        0x0 linker stubs
 *(.eh_frame)
 .eh_frame      0x0000000008001110        0x0 c:/program files/stm32cubeide_1.2.0/stm32cubeide/plugins/com.st.stm32cube.ide.mcu.externaltools.gnu-tools-for-stm32.7-2018-q2-update.win32_1.0.0.201904181610/tools/bin/../lib/gcc/arm-none-eabi/7.3.1/thumb/v7e-m/fpv4-sp/hard/crtbegin.o
 *(.init)
 .init          0x0000000008001110        0x4 c:/program files/stm32cubeide_1.2.0/stm32cubeide/plugins/com.st.stm32cube.ide.mcu.externaltools.gnu-tools-for-stm32.7-2018-q2-update.win32_1.0.0.201904181610/tools/bin/../lib/gcc/arm-none-eabi/7.3.1/thumb/v7e-m/fpv4-sp/hard/crti.o
                0x0000000008001110                _init
 .init          0x0000000008001114        0x8 c:/program files/stm32cubeide_1.2.0/stm32cubeide/plugins/com.st.stm32cube.ide.mcu.externaltools.gnu-tools-for-stm32.7-2018-q2-update.win32_1.0.0.201904181610/tools/bin/../lib/gcc/arm-none-eabi/7.3.1/thumb/v7e-m/fpv4-sp/hard/crtn.o
 *(.fini)
 .fini          0x000000000800111c        0x4 c:/program files/stm32cubeide_1.2.0/stm32cubeide/plugins/com.st.stm32cube.ide.mcu.externaltools.gnu-tools-for-stm32.7-2018-q2-update.win32_1.0.0.201904181610/tools/bin/../lib/gcc/arm-none-eabi/7.3.1/thumb/v7e-m/fpv4-sp/hard/crti.o
                0x000000000800111c                _fini
 .fini          0x0000000008001120        0x8 c:/program files/stm32cubeide_1.2.0/stm32cubeide/plugins/com.st.stm32cube.ide.mcu.externaltools.gnu-tools-for-stm32.7-2018-q2-update.win32_1.0.0.201904181610/tools/bin/../lib/gcc/arm-none-eabi/7.3.1/thumb/v7e-m/fpv4-sp/hard/crtn.o
                0x0000000008001128                . = ALIGN (0x4)
                0x0000000008001128                _etext = .

.vfp11_veneer   0x0000000008001128        0x0
 .vfp11_veneer  0x0000000008001128        0x0 linker stubs

.v4_bx          0x0000000008001128        0x0
 .v4_bx         0x0000000008001128        0x0 linker stubs

.iplt           0x0000000008001128        0x0
 .iplt          0x0000000008001128        0x0 c:/program files/stm32cubeide_1.2.0/stm32cubeide/plugins/com.st.stm32cube.ide.mcu.externaltools.gnu-tools-for-stm32.7-2018-q2-update.win32_1.0.0.201904181610/tools/bin/../lib/gcc/arm-none-eabi/7.3.1/thumb/v7e-m/fpv4-sp/hard/crtbegin.o

.rodata         0x0000000008001128       0x18
                0x0000000008001128                . = ALIGN (0x4)
 *(.rodata)
 .rodata        0x0000000008001128       0x18 Core/Src/system_stm32f4xx.o
                0x0000000008001128                AHBPrescTable
                0x0000000008001138                APBPrescTable
 *(.rodata*)
                0x0000000008001140                . = ALIGN (0x4)

.ARM.extab
 *(.ARM.extab* .gnu.linkonce.armextab.*)

.ARM            0x0000000008001140        0x8
                0x0000000008001140                __exidx_start = .
 *(.ARM.exidx*)
 .ARM.exidx     0x0000000008001140        0x8 c:/program files/stm32cubeide_1.2.0/stm32cubeide/plugins/com.st.stm32cube.ide.mcu.externaltools.gnu-tools-for-stm32.7-2018-q2-update.win32_1.0.0.201904181610/tools/bin/../lib/gcc/arm-none-eabi/7.3.1/thumb/v7e-m/fpv4-sp/hard\libgcc.a(_udivmoddi4.o)
                0x0000000008001148                __exidx_end = .

.rel.dyn        0x0000000008001148        0x0
 .rel.iplt      0x0000000008001148        0x0 c:/program files/stm32cubeide_1.2.0/stm32cubeide/plugins/com.st.stm32cube.ide.mcu.externaltools.gnu-tools-for-stm32.7-2018-q2-update.win32_1.0.0.201904181610/tools/bin/../lib/gcc/arm-none-eabi/7.3.1/thumb/v7e-m/fpv4-sp/hard/crtbegin.o

.preinit_array  0x0000000008001148        0x0
                0x0000000008001148                PROVIDE (__preinit_array_start = .)
 *(.preinit_array*)
                0x0000000008001148                PROVIDE (__preinit_array_end = .)

.init_array     0x0000000008001148        0x4
                0x0000000008001148                PROVIDE (__init_array_start = .)
 *(SORT_BY_NAME(.init_array.*))
 *(.init_array*)
 .init_array    0x0000000008001148        0x4 c:/program files/stm32cubeide_1.2.0/stm32cubeide/plugins/com.st.stm32cube.ide.mcu.externaltools.gnu-tools-for-stm32.7-2018-q2-update.win32_1.0.0.201904181610/tools/bin/../lib/gcc/arm-none-eabi/7.3.1/thumb/v7e-m/fpv4-sp/hard/crtbegin.o
                0x000000000800114c                PROVIDE (__init_array_end = .)

.fini_array     0x000000000800114c        0x4
                [!provide]                        PROVIDE (__fini_array_start = .)
 *(SORT_BY_NAME(.fini_array.*))
 *(.fini_array*)
 .fini_array    0x000000000800114c        0x4 c:/program files/stm32cubeide_1.2.0/stm32cubeide/plugins/com.st.stm32cube.ide.mcu.externaltools.gnu-tools-for-stm32.7-2018-q2-update.win32_1.0.0.201904181610/tools/bin/../lib/gcc/arm-none-eabi/7.3.1/thumb/v7e-m/fpv4-sp/hard/crtbegin.o
                [!provide]                        PROVIDE (__fini_array_end = .)
                0x0000000008001150                _sidata = LOADADDR (.data)

.data           0x0000000020000000        0xc load address 0x0000000008001150
                0x0000000020000000                . = ALIGN (0x4)
                0x0000000020000000                _sdata = .
 *(.data)
 .data          0x0000000020000000        0x4 Core/Src/system_stm32f4xx.o
                0x0000000020000000                SystemCoreClock
 .data          0x0000000020000004        0x8 Drivers/STM32F4xx_HAL_Driver/Src/stm32f4xx_hal.o
                0x0000000020000004                uwTickFreq
                0x0000000020000008                uwTickPrio
 *(.data*)
                0x000000002000000c                . = ALIGN (0x4)
                0x000000002000000c                _edata = .
                0x000000000800115c                _siccmram = LOADADDR (.ccmram)

.igot.plt       0x000000002000000c        0x0 load address 0x000000000800115c
 .igot.plt      0x000000002000000c        0x0 c:/program files/stm32cubeide_1.2.0/stm32cubeide/plugins/com.st.stm32cube.ide.mcu.externaltools.gnu-tools-for-stm32.7-2018-q2-update.win32_1.0.0.201904181610/tools/bin/../lib/gcc/arm-none-eabi/7.3.1/thumb/v7e-m/fpv4-sp/hard/crtbegin.o

.ccmram         0x0000000010000000        0x0 load address 0x000000000800115c
                0x0000000010000000                . = ALIGN (0x4)
                0x0000000010000000                _sccmram = .
 *(.ccmram)
 *(.ccmram*)
                0x0000000010000000                . = ALIGN (0x4)
                0x0000000010000000                _eccmram = .
                0x0000000010000000                . = ALIGN (0x4)

.bss            0x000000002000000c       0x20
                0x000000002000000c                _sbss = .
                0x000000002000000c                __bss_start__ = _sbss
 *(.bss)
 .bss           0x000000002000000c       0x1c c:/program files/stm32cubeide_1.2.0/stm32cubeide/plugins/com.st.stm32cube.ide.mcu.externaltools.gnu-tools-for-stm32.7-2018-q2-update.win32_1.0.0.201904181610/tools/bin/../lib/gcc/arm-none-eabi/7.3.1/thumb/v7e-m/fpv4-sp/hard/crtbegin.o
 *(.bss*)
 *(COMMON)
 COMMON         0x0000000020000028        0x4 Drivers/STM32F4xx_HAL_Driver/Src/stm32f4xx_hal.o
                0x0000000020000028                uwTick
                0x000000002000002c                . = ALIGN (0x4)
                0x000000002000002c                _ebss = .
                0x000000002000002c                __bss_end__ = _ebss

._user_heap_stack
                0x000000002000002c      0x604
                0x0000000020000030                . = ALIGN (0x8)
 *fill*         0x000000002000002c        0x4 
                [!provide]                        PROVIDE (end = .)
                [!provide]                        PROVIDE (_end = .)
                0x0000000020000230                . = (. + _Min_Heap_Size)
 *fill*         0x0000000020000030      0x200 
                0x0000000020000630                . = (. + _Min_Stack_Size)
 *fill*         0x0000000020000230      0x400 
                0x0000000020000630                . = ALIGN (0x8)

/DISCARD/
 libc.a(*)
 libm.a(*)
 libgcc.a(*)

.ARM.attributes
                0x0000000000000000       0x30
 *(.ARM.attributes)
 .ARM.attributes
                0x0000000000000000       0x22 c:/program files/stm32cubeide_1.2.0/stm32cubeide/plugins/com.st.stm32cube.ide.mcu.externaltools.gnu-tools-for-stm32.7-2018-q2-update.win32_1.0.0.201904181610/tools/bin/../lib/gcc/arm-none-eabi/7.3.1/thumb/v7e-m/fpv4-sp/hard/crti.o
 .ARM.attributes
                0x0000000000000022       0x34 c:/program files/stm32cubeide_1.2.0/stm32cubeide/plugins/com.st.stm32cube.ide.mcu.externaltools.gnu-tools-for-stm32.7-2018-q2-update.win32_1.0.0.201904181610/tools/bin/../lib/gcc/arm-none-eabi/7.3.1/thumb/v7e-m/fpv4-sp/hard/crtbegin.o
 .ARM.attributes
                0x0000000000000056       0x39 Core/Src/gpio.o
 .ARM.attributes
                0x000000000000008f       0x39 Core/Src/main.o
 .ARM.attributes
                0x00000000000000c8       0x39 Core/Src/stm32f4xx_hal_msp.o
 .ARM.attributes
                0x0000000000000101       0x39 Core/Src/stm32f4xx_it.o
 .ARM.attributes
                0x000000000000013a       0x39 Core/Src/system_stm32f4xx.o
 .ARM.attributes
                0x0000000000000173       0x39 Drivers/STM32F4xx_HAL_Driver/Src/stm32f4xx_hal.o
 .ARM.attributes
                0x00000000000001ac       0x39 Drivers/STM32F4xx_HAL_Driver/Src/stm32f4xx_hal_cortex.o
 .ARM.attributes
                0x00000000000001e5       0x39 Drivers/STM32F4xx_HAL_Driver/Src/stm32f4xx_hal_gpio.o
 .ARM.attributes
                0x000000000000021e       0x39 Drivers/STM32F4xx_HAL_Driver/Src/stm32f4xx_hal_rcc.o
 .ARM.attributes
                0x0000000000000257       0x21 startup/startup_stm32f407xx.o
 .ARM.attributes
                0x0000000000000278       0x34 c:/program files/stm32cubeide_1.2.0/stm32cubeide/plugins/com.st.stm32cube.ide.mcu.externaltools.gnu-tools-for-stm32.7-2018-q2-update.win32_1.0.0.201904181610/tools/bin/../lib/gcc/arm-none-eabi/7.3.1/../../../../arm-none-eabi/lib/thumb/v7e-m/fpv4-sp/hard\libc_nano.a(lib_a-init.o)
 .ARM.attributes
                0x00000000000002ac       0x34 c:/program files/stm32cubeide_1.2.0/stm32cubeide/plugins/com.st.stm32cube.ide.mcu.externaltools.gnu-tools-for-stm32.7-2018-q2-update.win32_1.0.0.201904181610/tools/bin/../lib/gcc/arm-none-eabi/7.3.1/../../../../arm-none-eabi/lib/thumb/v7e-m/fpv4-sp/hard\libc_nano.a(lib_a-memset.o)
 .ARM.attributes
                0x00000000000002e0       0x22 c:/program files/stm32cubeide_1.2.0/stm32cubeide/plugins/com.st.stm32cube.ide.mcu.externaltools.gnu-tools-for-stm32.7-2018-q2-update.win32_1.0.0.201904181610/tools/bin/../lib/gcc/arm-none-eabi/7.3.1/thumb/v7e-m/fpv4-sp/hard\libgcc.a(_aeabi_uldivmod.o)
 .ARM.attributes
                0x0000000000000302       0x34 c:/program files/stm32cubeide_1.2.0/stm32cubeide/plugins/com.st.stm32cube.ide.mcu.externaltools.gnu-tools-for-stm32.7-2018-q2-update.win32_1.0.0.201904181610/tools/bin/../lib/gcc/arm-none-eabi/7.3.1/thumb/v7e-m/fpv4-sp/hard\libgcc.a(_udivmoddi4.o)
 .ARM.attributes
                0x0000000000000336       0x22 c:/program files/stm32cubeide_1.2.0/stm32cubeide/plugins/com.st.stm32cube.ide.mcu.externaltools.gnu-tools-for-stm32.7-2018-q2-update.win32_1.0.0.201904181610/tools/bin/../lib/gcc/arm-none-eabi/7.3.1/thumb/v7e-m/fpv4-sp/hard\libgcc.a(_dvmd_tls.o)
 .ARM.attributes
                0x0000000000000358       0x22 c:/program files/stm32cubeide_1.2.0/stm32cubeide/plugins/com.st.stm32cube.ide.mcu.externaltools.gnu-tools-for-stm32.7-2018-q2-update.win32_1.0.0.201904181610/tools/bin/../lib/gcc/arm-none-eabi/7.3.1/thumb/v7e-m/fpv4-sp/hard/crtn.o
OUTPUT(SDK_LED.elf elf32-littlearm)

.debug_info     0x0000000000000000     0x88b5
 .debug_info    0x0000000000000000      0xcfa Core/Src/gpio.o
 .debug_info    0x0000000000000cfa      0xea4 Core/Src/main.o
 .debug_info    0x0000000000001b9e      0xb22 Core/Src/stm32f4xx_hal_msp.o
 .debug_info    0x00000000000026c0      0x9de Core/Src/stm32f4xx_it.o
 .debug_info    0x000000000000309e      0xd19 Core/Src/system_stm32f4xx.o
 .debug_info    0x0000000000003db7     0x11c9 Drivers/STM32F4xx_HAL_Driver/Src/stm32f4xx_hal.o
 .debug_info    0x0000000000004f80     0x1745 Drivers/STM32F4xx_HAL_Driver/Src/stm32f4xx_hal_cortex.o
 .debug_info    0x00000000000066c5      0xf83 Drivers/STM32F4xx_HAL_Driver/Src/stm32f4xx_hal_gpio.o
 .debug_info    0x0000000000007648     0x124b Drivers/STM32F4xx_HAL_Driver/Src/stm32f4xx_hal_rcc.o
 .debug_info    0x0000000000008893       0x22 startup/startup_stm32f407xx.o

.debug_abbrev   0x0000000000000000     0x1548
 .debug_abbrev  0x0000000000000000      0x1f3 Core/Src/gpio.o
 .debug_abbrev  0x00000000000001f3      0x256 Core/Src/main.o
 .debug_abbrev  0x0000000000000449      0x1ab Core/Src/stm32f4xx_hal_msp.o
 .debug_abbrev  0x00000000000005f4      0x1b1 Core/Src/stm32f4xx_it.o
 .debug_abbrev  0x00000000000007a5      0x1cd Core/Src/system_stm32f4xx.o
 .debug_abbrev  0x0000000000000972      0x2ad Drivers/STM32F4xx_HAL_Driver/Src/stm32f4xx_hal.o
 .debug_abbrev  0x0000000000000c1f      0x3ad Drivers/STM32F4xx_HAL_Driver/Src/stm32f4xx_hal_cortex.o
 .debug_abbrev  0x0000000000000fcc      0x26f Drivers/STM32F4xx_HAL_Driver/Src/stm32f4xx_hal_gpio.o
 .debug_abbrev  0x000000000000123b      0x2fb Drivers/STM32F4xx_HAL_Driver/Src/stm32f4xx_hal_rcc.o
 .debug_abbrev  0x0000000000001536       0x12 startup/startup_stm32f407xx.o

.debug_aranges  0x0000000000000000      0x388
 .debug_aranges
                0x0000000000000000       0x20 Core/Src/gpio.o
 .debug_aranges
                0x0000000000000020       0x30 Core/Src/main.o
 .debug_aranges
                0x0000000000000050       0x20 Core/Src/stm32f4xx_hal_msp.o
 .debug_aranges
                0x0000000000000070       0x60 Core/Src/stm32f4xx_it.o
 .debug_aranges
                0x00000000000000d0       0x28 Core/Src/system_stm32f4xx.o
 .debug_aranges
                0x00000000000000f8       0xe0 Drivers/STM32F4xx_HAL_Driver/Src/stm32f4xx_hal.o
 .debug_aranges
                0x00000000000001d8       0xa8 Drivers/STM32F4xx_HAL_Driver/Src/stm32f4xx_hal_cortex.o
 .debug_aranges
                0x0000000000000280       0x58 Drivers/STM32F4xx_HAL_Driver/Src/stm32f4xx_hal_gpio.o
 .debug_aranges
                0x00000000000002d8       0x88 Drivers/STM32F4xx_HAL_Driver/Src/stm32f4xx_hal_rcc.o
 .debug_aranges
                0x0000000000000360       0x28 startup/startup_stm32f407xx.o

.debug_ranges   0x0000000000000000      0x368
 .debug_ranges  0x0000000000000000       0x10 Core/Src/gpio.o
 .debug_ranges  0x0000000000000010       0x20 Core/Src/main.o
 .debug_ranges  0x0000000000000030       0x10 Core/Src/stm32f4xx_hal_msp.o
 .debug_ranges  0x0000000000000040       0x50 Core/Src/stm32f4xx_it.o
 .debug_ranges  0x0000000000000090       0x18 Core/Src/system_stm32f4xx.o
 .debug_ranges  0x00000000000000a8       0xd0 Drivers/STM32F4xx_HAL_Driver/Src/stm32f4xx_hal.o
 .debug_ranges  0x0000000000000178       0xf8 Drivers/STM32F4xx_HAL_Driver/Src/stm32f4xx_hal_cortex.o
 .debug_ranges  0x0000000000000270       0x48 Drivers/STM32F4xx_HAL_Driver/Src/stm32f4xx_hal_gpio.o
 .debug_ranges  0x00000000000002b8       0x90 Drivers/STM32F4xx_HAL_Driver/Src/stm32f4xx_hal_rcc.o
 .debug_ranges  0x0000000000000348       0x20 startup/startup_stm32f407xx.o

.debug_macro    0x0000000000000000    0x1fb80
 .debug_macro   0x0000000000000000      0x308 Core/Src/gpio.o
 .debug_macro   0x0000000000000308      0xa60 Core/Src/gpio.o
 .debug_macro   0x0000000000000d68      0x17a Core/Src/gpio.o
 .debug_macro   0x0000000000000ee2       0x32 Core/Src/gpio.o
 .debug_macro   0x0000000000000f14       0x2f Core/Src/gpio.o
 .debug_macro   0x0000000000000f43       0x22 Core/Src/gpio.o
 .debug_macro   0x0000000000000f65       0x8e Core/Src/gpio.o
 .debug_macro   0x0000000000000ff3       0x51 Core/Src/gpio.o
 .debug_macro   0x0000000000001044       0xef Core/Src/gpio.o
 .debug_macro   0x0000000000001133       0x6a Core/Src/gpio.o
 .debug_macro   0x000000000000119d      0x1df Core/Src/gpio.o
 .debug_macro   0x000000000000137c       0x35 Core/Src/gpio.o
 .debug_macro   0x00000000000013b1       0x50 Core/Src/gpio.o
 .debug_macro   0x0000000000001401      0xe66 Core/Src/gpio.o
 .debug_macro   0x0000000000002267    0x15d08 Core/Src/gpio.o
 .debug_macro   0x0000000000017f6f       0x43 Core/Src/gpio.o
 .debug_macro   0x0000000000017fb2     0x3535 Core/Src/gpio.o
 .debug_macro   0x000000000001b4e7       0x46 Core/Src/gpio.o
 .debug_macro   0x000000000001b52d       0x18 Core/Src/gpio.o
 .debug_macro   0x000000000001b545       0x3c Core/Src/gpio.o
 .debug_macro   0x000000000001b581       0x34 Core/Src/gpio.o
 .debug_macro   0x000000000001b5b5       0x16 Core/Src/gpio.o
 .debug_macro   0x000000000001b5cb       0x97 Core/Src/gpio.o
 .debug_macro   0x000000000001b662      0x330 Core/Src/gpio.o
 .debug_macro   0x000000000001b992       0xfd Core/Src/gpio.o
 .debug_macro   0x000000000001ba8f       0x10 Core/Src/gpio.o
 .debug_macro   0x000000000001ba9f       0x52 Core/Src/gpio.o
 .debug_macro   0x000000000001baf1       0x1f Core/Src/gpio.o
 .debug_macro   0x000000000001bb10       0x43 Core/Src/gpio.o
 .debug_macro   0x000000000001bb53       0x20 Core/Src/gpio.o
 .debug_macro   0x000000000001bb73      0x1a3 Core/Src/gpio.o
 .debug_macro   0x000000000001bd16       0x10 Core/Src/gpio.o
 .debug_macro   0x000000000001bd26       0x1c Core/Src/gpio.o
 .debug_macro   0x000000000001bd42       0x52 Core/Src/gpio.o
 .debug_macro   0x000000000001bd94       0x40 Core/Src/gpio.o
 .debug_macro   0x000000000001bdd4       0x10 Core/Src/gpio.o
 .debug_macro   0x000000000001bde4       0x40 Core/Src/gpio.o
 .debug_macro   0x000000000001be24       0xd7 Core/Src/gpio.o
 .debug_macro   0x000000000001befb       0x1c Core/Src/gpio.o
 .debug_macro   0x000000000001bf17       0x3d Core/Src/gpio.o
 .debug_macro   0x000000000001bf54       0x16 Core/Src/gpio.o
 .debug_macro   0x000000000001bf6a      0x145 Core/Src/gpio.o
 .debug_macro   0x000000000001c0af       0x50 Core/Src/gpio.o
 .debug_macro   0x000000000001c0ff      0x96b Core/Src/gpio.o
 .debug_macro   0x000000000001ca6a      0xa02 Core/Src/gpio.o
 .debug_macro   0x000000000001d46c      0x11e Core/Src/gpio.o
 .debug_macro   0x000000000001d58a      0x13e Core/Src/gpio.o
 .debug_macro   0x000000000001d6c8       0x27 Core/Src/gpio.o
 .debug_macro   0x000000000001d6ef      0x287 Core/Src/gpio.o
 .debug_macro   0x000000000001d976       0x5f Core/Src/gpio.o
 .debug_macro   0x000000000001d9d5      0x23a Core/Src/gpio.o
 .debug_macro   0x000000000001dc0f      0x133 Core/Src/gpio.o
 .debug_macro   0x000000000001dd42      0x21e Core/Src/gpio.o
 .debug_macro   0x000000000001df60       0x2e Core/Src/gpio.o
 .debug_macro   0x000000000001df8e      0x11e Core/Src/gpio.o
 .debug_macro   0x000000000001e0ac       0x7f Core/Src/gpio.o
 .debug_macro   0x000000000001e12b       0x89 Core/Src/gpio.o
 .debug_macro   0x000000000001e1b4      0x134 Core/Src/gpio.o
 .debug_macro   0x000000000001e2e8      0x30c Core/Src/main.o
 .debug_macro   0x000000000001e5f4      0x2fe Core/Src/stm32f4xx_hal_msp.o
 .debug_macro   0x000000000001e8f2      0x308 Core/Src/stm32f4xx_it.o
 .debug_macro   0x000000000001ebfa      0x2fa Core/Src/system_stm32f4xx.o
 .debug_macro   0x000000000001eef4      0x354 Drivers/STM32F4xx_HAL_Driver/Src/stm32f4xx_hal.o
 .debug_macro   0x000000000001f248      0x2f4 Drivers/STM32F4xx_HAL_Driver/Src/stm32f4xx_hal_cortex.o
 .debug_macro   0x000000000001f53c      0x32c Drivers/STM32F4xx_HAL_Driver/Src/stm32f4xx_hal_gpio.o
 .debug_macro   0x000000000001f868      0x318 Drivers/STM32F4xx_HAL_Driver/Src/stm32f4xx_hal_rcc.o

.debug_line     0x0000000000000000     0x5548
 .debug_line    0x0000000000000000      0x875 Core/Src/gpio.o
 .debug_line    0x0000000000000875      0x8b8 Core/Src/main.o
 .debug_line    0x000000000000112d      0x86a Core/Src/stm32f4xx_hal_msp.o
 .debug_line    0x0000000000001997      0x8fa Core/Src/stm32f4xx_it.o
 .debug_line    0x0000000000002291      0x891 Core/Src/system_stm32f4xx.o
 .debug_line    0x0000000000002b22      0xa45 Drivers/STM32F4xx_HAL_Driver/Src/stm32f4xx_hal.o
 .debug_line    0x0000000000003567      0xaa0 Drivers/STM32F4xx_HAL_Driver/Src/stm32f4xx_hal_cortex.o
 .debug_line    0x0000000000004007      0x9e8 Drivers/STM32F4xx_HAL_Driver/Src/stm32f4xx_hal_gpio.o
 .debug_line    0x00000000000049ef      0xada Drivers/STM32F4xx_HAL_Driver/Src/stm32f4xx_hal_rcc.o
 .debug_line    0x00000000000054c9       0x7f startup/startup_stm32f407xx.o

.debug_str      0x0000000000000000    0xba4f7
 .debug_str     0x0000000000000000    0xb8ef6 Core/Src/gpio.o
                                      0xb91eb (size before relaxing)
 .debug_str     0x00000000000b8ef6      0x1e3 Core/Src/main.o
                                      0xb9350 (size before relaxing)
 .debug_str     0x00000000000b90d9       0x2c Core/Src/stm32f4xx_hal_msp.o
                                      0xb9130 (size before relaxing)
 .debug_str     0x00000000000b9105       0xc9 Core/Src/stm32f4xx_it.o
                                      0xb90ca (size before relaxing)
 .debug_str     0x00000000000b91ce       0xc4 Core/Src/system_stm32f4xx.o
                                      0xb91b7 (size before relaxing)
 .debug_str     0x00000000000b9292      0xadc Drivers/STM32F4xx_HAL_Driver/Src/stm32f4xx_hal.o
                                      0xb9d21 (size before relaxing)
 .debug_str     0x00000000000b9d6e      0x36b Drivers/STM32F4xx_HAL_Driver/Src/stm32f4xx_hal_cortex.o
                                      0xb9a63 (size before relaxing)
 .debug_str     0x00000000000ba0d9      0x1d9 Drivers/STM32F4xx_HAL_Driver/Src/stm32f4xx_hal_gpio.o
                                      0xb93f6 (size before relaxing)
 .debug_str     0x00000000000ba2b2      0x216 Drivers/STM32F4xx_HAL_Driver/Src/stm32f4xx_hal_rcc.o
                                      0xb95c0 (size before relaxing)
 .debug_str     0x00000000000ba4c8       0x2f startup/startup_stm32f407xx.o
                                         0x6d (size before relaxing)

.comment        0x0000000000000000       0x7b
 .comment       0x0000000000000000       0x7b Core/Src/gpio.o
                                         0x7c (size before relaxing)
 .comment       0x000000000000007b       0x7c Core/Src/main.o
 .comment       0x000000000000007b       0x7c Core/Src/stm32f4xx_hal_msp.o
 .comment       0x000000000000007b       0x7c Core/Src/stm32f4xx_it.o
 .comment       0x000000000000007b       0x7c Core/Src/system_stm32f4xx.o
 .comment       0x000000000000007b       0x7c Drivers/STM32F4xx_HAL_Driver/Src/stm32f4xx_hal.o
 .comment       0x000000000000007b       0x7c Drivers/STM32F4xx_HAL_Driver/Src/stm32f4xx_hal_cortex.o
 .comment       0x000000000000007b       0x7c Drivers/STM32F4xx_HAL_Driver/Src/stm32f4xx_hal_gpio.o
 .comment       0x000000000000007b       0x7c Drivers/STM32F4xx_HAL_Driver/Src/stm32f4xx_hal_rcc.o

.debug_frame    0x0000000000000000      0x7bc
 .debug_frame   0x0000000000000000       0x34 Core/Src/gpio.o
 .debug_frame   0x0000000000000034       0x58 Core/Src/main.o
 .debug_frame   0x000000000000008c       0x28 Core/Src/stm32f4xx_hal_msp.o
 .debug_frame   0x00000000000000b4       0xa8 Core/Src/stm32f4xx_it.o
 .debug_frame   0x000000000000015c       0x30 Core/Src/system_stm32f4xx.o
 .debug_frame   0x000000000000018c      0x1cc Drivers/STM32F4xx_HAL_Driver/Src/stm32f4xx_hal.o
 .debug_frame   0x0000000000000358      0x15c Drivers/STM32F4xx_HAL_Driver/Src/stm32f4xx_hal_cortex.o
 .debug_frame   0x00000000000004b4       0xd8 Drivers/STM32F4xx_HAL_Driver/Src/stm32f4xx_hal_gpio.o
 .debug_frame   0x000000000000058c      0x184 Drivers/STM32F4xx_HAL_Driver/Src/stm32f4xx_hal_rcc.o
 .debug_frame   0x0000000000000710       0x2c c:/program files/stm32cubeide_1.2.0/stm32cubeide/plugins/com.st.stm32cube.ide.mcu.externaltools.gnu-tools-for-stm32.7-2018-q2-update.win32_1.0.0.201904181610/tools/bin/../lib/gcc/arm-none-eabi/7.3.1/../../../../arm-none-eabi/lib/thumb/v7e-m/fpv4-sp/hard\libc_nano.a(lib_a-init.o)
 .debug_frame   0x000000000000073c       0x20 c:/program files/stm32cubeide_1.2.0/stm32cubeide/plugins/com.st.stm32cube.ide.mcu.externaltools.gnu-tools-for-stm32.7-2018-q2-update.win32_1.0.0.201904181610/tools/bin/../lib/gcc/arm-none-eabi/7.3.1/../../../../arm-none-eabi/lib/thumb/v7e-m/fpv4-sp/hard\libc_nano.a(lib_a-memset.o)
 .debug_frame   0x000000000000075c       0x2c c:/program files/stm32cubeide_1.2.0/stm32cubeide/plugins/com.st.stm32cube.ide.mcu.externaltools.gnu-tools-for-stm32.7-2018-q2-update.win32_1.0.0.201904181610/tools/bin/../lib/gcc/arm-none-eabi/7.3.1/thumb/v7e-m/fpv4-sp/hard\libgcc.a(_aeabi_uldivmod.o)
 .debug_frame   0x0000000000000788       0x34 c:/program files/stm32cubeide_1.2.0/stm32cubeide/plugins/com.st.stm32cube.ide.mcu.externaltools.gnu-tools-for-stm32.7-2018-q2-update.win32_1.0.0.201904181610/tools/bin/../lib/gcc/arm-none-eabi/7.3.1/thumb/v7e-m/fpv4-sp/hard\libgcc.a(_udivmoddi4.o)

.debug_loc      0x0000000000000000     0x1063
 .debug_loc     0x0000000000000000      0x13e Core/Src/system_stm32f4xx.o
 .debug_loc     0x000000000000013e       0xfd Drivers/STM32F4xx_HAL_Driver/Src/stm32f4xx_hal.o
 .debug_loc     0x000000000000023b      0x5ce Drivers/STM32F4xx_HAL_Driver/Src/stm32f4xx_hal_cortex.o
 .debug_loc     0x0000000000000809      0x469 Drivers/STM32F4xx_HAL_Driver/Src/stm32f4xx_hal_gpio.o
 .debug_loc     0x0000000000000c72      0x3f1 Drivers/STM32F4xx_HAL_Driver/Src/stm32f4xx_hal_rcc.o
